1       ********************************************************************************************************************
        ***                                                                                                              ***
        ***   modified from sample problem 12 to test reaction tally                                                     ***
        ***                                                                                                              ***
        ********************************************************************************************************************
        ***                                                                                                              ***
        ***                                  ******      final results table      ******                                 ***
        ***                                                                                                              ***
        ***        best estimate system k-eff                                  0.952 + or - 0.020                        ***
        ***                                                                                                              ***
        ***        Energy of average lethargy of Fission (eV)                  2.80003E-01 + or -  3.58169E-03           ***
        ***                                                                                                              ***
        ***        system mean free path (cm)                                  1.23628E+00 + or -  8.23879E-03           ***
        ***                                                                                                              ***
        ***        system nu bar                                               2.44645E+00 + or -  1.11459E-04           ***
        ***                                                                                                              ***
        ***        number of warning messages                                  3                                         ***
        ***                                                                                                              ***
        ***        number of error messages                                    0                                         ***
        ***                                                                                                              ***
        ***        k-effective satisfies the chi**2 test for normality at the 95 % level                                 ***
        ***                                                                                                              ***
        ***                                                                                                              ***
        ********************************************************************************************************************


 **********************************************************************************************************************************

           Congratulations!  You have successfully traversed the perilous path through KENO-V.a in     0.39750 minutes

 **********************************************************************************************************************************

    SCALE is finished on Fri Jul 21 09:06:01 2023.
-------------------------- Summary --------------------------
csas5 finished. used 99.26 seconds.
SCALE driver required a maximum of 63.66 MiB of RAM.
------------------------ End Summary ------------------------
