

 ***************************************************

 Message from vendor daemon studsvik: 

 License not available for simulate3.primary, version 1.0. 

 ===================================================
   The error returned from the license server was: 

Cannot connect to license server system.
 The license server manager (lmgrd) has not been started yet,
 the wrong port@host or license file is being used, or the
 port or hostname in the license file has been changed.
Feature:       simulate3.primary
Server name:   rdfmg
License path:  /usr/local/lib/studsvik/licensing/studsvik.lic:/cm/shared/apps/ncsu/flexnet-11.12/site/studsvik.lic:/usr/lib/studsvik/licensing/studsvik.lic:
FLEXnet Licensing error:-15,570.  System Error: 115 "Operation now in progress"
For further information, refer to the FLEXnet Licensing documentation,
available at "www.flexerasoftware.com". 
 ===================================================

 For additional FLEXlm diagnostic information:
   Windows: Start lmtools, select Diagnostics
   UNIX:    Run lmutil lmdiag
   or contact your local system administrator.

 ***************************************************


