1       ********************************************************************************************************************
        ***                                                                                                              ***
        ***   modified from sample problem 12 to test reaction tally                                                     ***
        ***                                                                                                              ***
        ********************************************************************************************************************
        ***                                                                                                              ***
        ***                                  ******      final results table      ******                                 ***
        ***                                                                                                              ***
        ***        best estimate system k-eff                                  0.991 + or - 0.051                        ***
        ***                                                                                                              ***
        ***        Energy of average lethargy of Fission (eV)                  2.80003E-01 + or -  3.58169E-03           ***
        ***                                                                                                              ***
        ***        system mean free path (cm)                                  1.23761E+00 + or -  9.01053E-03           ***
        ***                                                                                                              ***
        ***        system nu bar                                               2.44645E+00 + or -  1.11459E-04           ***
        ***                                                                                                              ***
        ***        number of warning messages                                  4                                         ***
        ***                                                                                                              ***
        ***        number of error messages                                    0                                         ***
        ***                                                                                                              ***
        ***        k-effective satisfies the chi**2 test for normality at the 95 % level                                 ***
        ***                                                                                                              ***
        ***                                                                                                              ***
        ********************************************************************************************************************



 **********************************************************************************************************************************

           Congratulations!  You have successfully traversed the perilous path through KENO-V.a in     0.38750 minutes

 **********************************************************************************************************************************

    SCALE is finished on Fri Jul 21 09:06:32 2023.
-------------------------- Summary --------------------------
csas5 finished. used 25.33 seconds.
SCALE driver required a maximum of 63.5 MiB of RAM.
------------------------ End Summary ------------------------
