0.000000000000000000e+00,1.050000000000000044e+00,1.000000000000000000e+00,3.587964654059516145e-01
1.000000000000000000e+00,2.049999999999999822e+00,2.000000000000000000e+00,1.319938431878302232e-01
2.000000000000000000e+00,3.049999999999999822e+00,3.000000000000000000e+00,4.855782127000997372e-02
