0.000000000000000000e+00,0.000000000000000000e+00,0.000000000000000000e+00,9.375609998531689859e-01
1.000000000000000000e+00,0.000000000000000000e+00,1.000000000000000000e+00,6.293042765419785134e-01
2.000000000000000000e+00,1.000000000000000000e+00,0.000000000000000000e+00,6.293042765419785134e-01
3.000000000000000000e+00,1.000000000000000000e+00,1.000000000000000000e+00,3.210475532307880409e-01
