h********************************* input file listing *********************************
      12345678901234567890123456789012345678901234567890123456789012345678901234567890
     1       1
     2        1       0
     3   0.001000         5        40  0.800000
     4 IRP - SPV - Steam
     5    1
     6      1    2    0    1    3      0.0          0    0    0    0    0    0    2    0
     7            0.0            0.0           0.0
     8          1.01325        2716.47         2716.47         0.0           0.9999
     9      air     0.0001
    10     2
    11       1    0    0    0    0    0    0    0    0    0    0    0    0    0
    12      1       7.854e-03    3.1416e-01      0.0       0.0    0        -0.5         0.0     0.25     0.25
    13     4
    14      1    1    0    0    0    0    0    0    0    0    0    0    0    0
    15      1       1   20         0.05        0
    16       1      1     0     0     0     0     0      1     0     0     0     0     0
    17        1
    18      20
    19     8
    20       0      1     1     1     0     0     0     1     0     0     0   1      0     0
    21       1          1      0.0     3.1416e-01    1.0          0        1       0.0        20.0
    22       1      0      1      2
    23       1
    24         0.0       120.0
    25         1.0       120.0
    26     9
    27       1    0    0    0    0    0    0    0    0    0    0    0    0    0
    28     1 tube       0.11       0.10    1    0    0    0    0    0    0    0    0    0   0.0
    29        2     1      0.005    1.0
    30 10
      12345678901234567890123456789012345678901234567890123456789012345678901234567890
    31       1    0    0    0    0    0    0    0    0    0    0    0    0    0
    32   1      6  8470.57    Inconel 600
    33        -73     0.377    13.400
    34         93     0.464    15.710
    35        204     0.485    17.440
    36        427     0.527    20.900
    37        649     0.586    24.790
    38        871     0.623    28.830
    39    11
    40      1     1     2     0     0     1     0     0     0     0     0     0     0     0
    41     0.00000E+00
    42      1      2
    43 0.0 0.0
    44 1.0 0.0
    45     0.00000E+00
    46        0.0       0.0       0.0       0.0       0.0       0.0       0.0       0.0
    47    13
    48       3      0    1    0    0    0    0    0    0    0    0    0    0    0
    49     4
    50 0.0 0.0 1.0 0.0 1.1 0.12 20.0 0.12
    51       1      1    2    0    0    0    2.2193e-2     2716.47         0.00      1
    52       1      22   1    0    0    0      0.0         2716.47      1.01325   1
    53       1      2    4    1    0    0      0.12          376.99      1.01325   0
    54 0.001      0    0.12    0
    55   376.99    1.0 0.9999 0.0001
    56 0 0 0 0
    57 3.1416e-4
    58   -14
    59        hdf5         0
    60     rod_vtk         0
      12345678901234567890123456789012345678901234567890123456789012345678901234567890
    61  chan_edits         0
    62   rod_edits         0
    63   gap_edits         0
    64   fluid_vtk         0
    65   dnb_edits         0
    66 convergence         0
    67 end 14
    68    15
    69   1.0000E-06    1.0000E-01      5.0        5.0  0.0000E+00        1.0      10000
    70  -1.0000E-06    1.0000E-01      5.0        5.0  0.0000E+00        1.0      10000







                    main control parameters are:

                    restart time step . . . . . . . . . . .    0
                    simulation start time . . . . . . . . .     0.000
                    outer iteration convergence limit . . . 0.0010000
                    maximum number of inner iterations  . .   40
                    maximum number of outer iterations  . .    5

    1
    1    2    0    1    3
    2
    1
    4
    1    1    0
    8
    0    1    1    1    0    0    0    1    0    0    0    1    0    0
    9
           1           0           0           0
   10
    1
   11
    1    1    2    0    0    1
   13
    3    0    1    0
  -14
   15




                                                           input summary

                                general information

                                                      *******************
                                                      IRP - SPV - Steam                                                                         

                                    initial system operating Pressure (psi)  . . .   14.69595
                                    initial system steam/water enthalpy   . . . . .1167.87327
                                    initial noncondensable gas enthalpy   . . . . .1167.87327
                                    initial liquid volume fraction        . . . . .   0.00000
                                    average linear heat rate (kw/ft) . . . . . . .    0.00000
                                    total axial length (inches). . . . . . . . . .   39.37008
                                    total no. of axial nodes . . . . . . . . . . .         20




                                    initial volume fractions of vapor and noncondensable gases

 100.00000 percent of the total system volume is initially filled with vapor and/or noncondensable gases. the fraction
            of this gas volume occupied by water vapor and each noncondensable gas is as follows:
 steam         0.9999      air    0.00010




                                                          subchannel data


                                         nominal         wetted      momentum     momentum      axial variation tables
                       subchannel     channel area     perimeter       area         area   continuity momentum   wetted
                         id. no.        (in**2)        (in.)       (bottom)      (top)        area       area    perimeter
                       ----------------------------------------------------------------------------------------------------


                             1             12.1737        12.369       12.1737      12.1737         0         0         0







     **********************************************************************************************************************************

          channel thermal connection input data
          -------------------------------------

          channel no.                    fuel rod - surface index pairs                                  heat slab indices
          -----------     ------------------------------------------------------------     ----------------------------------------

               1            0 - 0     0 - 0     0 - 0     0 - 0     0 - 0     0 - 0            1    0    0    0    0    0    0    0


     **********************************************************************************************************************************









                                           channel splitting data - axial level   1 of   1

                                          number           no. of     cell length
                                        of channels         nodes     (nominal)

                                             1               20          0.1640


         channel           channels above                   channels below
                     ----------------------------     ----------------------------
              1




                                           simultaneous solution group information

                         no. of               last cell number in each group
                         groups
                             1                            20




     *****************************************************************************************************************************

                                                fuel rod and heat slab model input

                                                     no. of fuel rods  =   0               no. of fuel rod surfaces  =   0
                                                     no. of heat slabs =   1

     *****************************************************************************************************************************


                                                       heat slab model input

         heat slab     channel connection - heated perimeter     geometry     conductor slab
           index             inside            outside type         type        multiplier
         ---------        ------------      -------------       --------     ---------    ----------

             1              0 -  12.37         1 -   0.00          tube           1            1.000



     -----------------------------------------------------------------------------------------------------------------------------

                                             conductor geometry description
                                                  no. of geometry types =  1

     -----------------------------------------------------------------------------------------------------------------------------



       type  1 - tube     tube conductor geometry ---------------------------------------------------------------------------

           outside diameter             4.3307 (in.)
           inside diameter              3.9370 (in.)
           no. of nodes (total)          2
           material index (inside)      -3
           material index (outside)     -3


               radial noding information
                      node     material      radial        node boundaries         power
                       no.       index      location     (inside)   (outside)     fraction
                      ----     --------     --------     --------   ---------     --------
                        1          1          1.9685      1.9685      2.0669       0.48810
                        2          1          2.1654      2.0669      2.1654       0.51190


     ------------------------------------------------------------------------------------------------------------------------


     material property tables
     ------------------------


           material type -  1          cold state density = 528.800 (lbm/ft3)          Inconel   

                      temperature (f)       specific heat (btu/lbm-f)       conductivity (btu/hr-ft-f)

                          -99.4                0.0900                         7.742
                          199.4                0.1108                         9.077
                          399.2                0.1158                        10.077
                          800.6                0.1259                        12.076
                         1200.2                0.1400                        14.323
                         1599.8                0.1488                        16.658


     power forcing function table
     ----------------------------

           transient time (secs)     power factor
           ---------------------     ------------
                   0.0000               1.0000


     ------------------------------------------------------------------------------------------------------------------------


     gap conductance forcing function tabel
     --------------------------------------

           transient time (secs)     gap conductance factor
           ---------------------     ----------------------
                   0.0000             1.0000


     ------------------------------------------------------------------------------------------------------------------------
1                                                    forcing function tables

0  table    1

     time     forcing          time     forcing          time     forcing          time     forcing          time     forcing
    coord.     factor         coord.     factor         coord.     factor         coord.     factor         coord.     factor

    0.000        0.000        1.000        0.000        1.100        0.120       20.000        0.120



1                                          axial and/or injection boundary conditions

                            boundary type                                  property specification
                            --------------------------------               ----------------------

                            1= Pressure and enthalpy (axial) . . . . . . . Pressure
                            2= flow and ehthalpy (axial) . . . . . . . . . mass flow
                            3= zero axial flow . . . . . . . . . . . . . . zero
                            4= injected flow and enthalpy  . . . . . . . . injected flow
                            5= Pressure sink and enthalpy  . . . . . . . . sink Pressure


                                                       boundary      specified
                                 channel     axial       type          property
                                  index       node    (see above)    (see above)     enthalpy


                                      1          1           2              0.05       1167.87
                                      1         22           1              0.00       1167.87
                                      1          2           4              0.26        162.08
0

                                          zero crossflow boundary conditions

                                             gap     axial
                                            index    node


                   0     channels will be printed
0                  0     rods will be printed
0                  0     gaps will be printed
1 trac major edit



    time =  0.000E+00 seconds     delt =  1.000E-06 seconds     time steps =     0   oitno=       0

     last minimum number of inner iterations was  0 at step     0
     current convergence limits and limitation counts
         delamx      xxxxxx      delrmx      delvmx      delpmx
        0.000E+00   0.000E+00   0.000E+00   0.000E+00   0.000E+00
            0           0           0           0           0           0
     cptime = 0.000E+00

 ************************************************************************************************************************
          simulation time =      0.00000  seconds           aver. properties for channels
 node dist. quality  void fraction                mass flow                    enthalpy incr.          enthalpy              heat added
  no.  (ft.)                                       (lbm/s)                        (btu/s)               (btu/s)               (btu/s)
                    liq. vapor entr.   liquid   vapor   entr.  integr.   liquid     vapor   integr.     mixture     liquid     vapor   integr.

  21   3.28  -.186 0.000 1.000 0.000     0.00    0.00    0.00    0.00       0.00      0.00      0.00      0.00       0.00      0.00      0.00
  20   3.12  -.186 0.000 1.000 0.000     0.00    0.00    0.00    0.00       0.00      0.00      0.00      0.00       0.00      0.00      0.00
  19   2.95  -.186 0.000 1.000 0.000     0.00    0.00    0.00    0.00       0.00      0.00      0.00      0.00       0.00      0.00      0.00
  18   2.79  -.186 0.000 1.000 0.000     0.00    0.00    0.00    0.00       0.00      0.00      0.00      0.00       0.00      0.00      0.00
  17   2.62  -.186 0.000 1.000 0.000     0.00    0.00    0.00    0.00       0.00      0.00      0.00      0.00       0.00      0.00      0.00
  16   2.46  -.186 0.000 1.000 0.000     0.00    0.00    0.00    0.00       0.00      0.00      0.00      0.00       0.00      0.00      0.00
  15   2.30  -.186 0.000 1.000 0.000     0.00    0.00    0.00    0.00       0.00      0.00      0.00      0.00       0.00      0.00      0.00
  14   2.13  -.186 0.000 1.000 0.000     0.00    0.00    0.00    0.00       0.00      0.00      0.00      0.00       0.00      0.00      0.00
  13   1.97  -.186 0.000 1.000 0.000     0.00    0.00    0.00    0.00       0.00      0.00      0.00      0.00       0.00      0.00      0.00
  12   1.80  -.186 0.000 1.000 0.000     0.00    0.00    0.00    0.00       0.00      0.00      0.00      0.00       0.00      0.00      0.00
  11   1.64  -.186 0.000 1.000 0.000     0.00    0.00    0.00    0.00       0.00      0.00      0.00      0.00       0.00      0.00      0.00
  10   1.48  -.186 0.000 1.000 0.000     0.00    0.00    0.00    0.00       0.00      0.00      0.00      0.00       0.00      0.00      0.00
   9   1.31  -.186 0.000 1.000 0.000     0.00    0.00    0.00    0.00       0.00      0.00      0.00      0.00       0.00      0.00      0.00
   8   1.15  -.186 0.000 1.000 0.000     0.00    0.00    0.00    0.00       0.00      0.00      0.00      0.00       0.00      0.00      0.00
   7   0.98  -.186 0.000 1.000 0.000     0.00    0.00    0.00    0.00       0.00      0.00      0.00      0.00       0.00      0.00      0.00
   6   0.82  -.186 0.000 1.000 0.000     0.00    0.00    0.00    0.00       0.00      0.00      0.00      0.00       0.00      0.00      0.00
   5   0.66  -.186 0.000 1.000 0.000     0.00    0.00    0.00    0.00       0.00      0.00      0.00      0.00       0.00      0.00      0.00
   4   0.49  -.186 0.000 1.000 0.000     0.00    0.00    0.00    0.00       0.00      0.00      0.00      0.00       0.00      0.00      0.00
   3   0.33  -.186 0.000 1.000 0.000     0.00    0.00    0.00    0.00       0.00      0.00      0.00      0.00       0.00      0.00      0.00
   2   0.16  -.186 0.000 1.000 0.000     0.00    0.00    0.00    0.00      -0.02    -57.04    -57.06      0.00       0.00      0.00      0.00
   1   0.00  1.016 0.000 1.000 0.000     0.00    0.05    0.00    0.05       0.00      0.00      0.00     57.06       0.00      0.00      0.00
1                             injection boundary conditions date    time  

                    case     0          IRP - SPV - Steam                                                                         

 ***********************************************************************************************************************************

          simulation time =      0.00000  seconds


                              channel   node        wginjt    wlinjt    hginjt    hlinjt
                                no.     no.        lbm/sec   lbm/sec   btu/lbm   btu/lbm


                                  1       2        0.0000       0.00   1150.4     162.1        ** injection **



 *************************************************************************
 *                         new time domain reached                       *
 *   minimum   maximum    time      long      short   graphics    dump   *
 *    time      time     domain     edit      edit      edit             *
 *    step      step       end    interval  interval  interval  interval *
 *                                                                       *
 *-1.000E+00-1.000E+00-1.000E+00-1.000E+00 0.000E+00 0.000E+00-1.000E+00 *
 *************************************************************************


 time step ratio      =  1.000E+00

1 trac major edit



    time =  5.000E+00 seconds     delt = -6.000E+00 seconds     time steps =  1311   oitno=       1

     last minimum number of inner iterations was  0 at step   568
     current convergence limits and limitation counts
         delamx      xxxxxx      delrmx      delvmx      delpmx
        1.000E+08   0.000E+00   1.000E+08   3.964E-03   1.000E+08
            0           0           0        1245           0           0
     cptime = 0.000E+00

 ************************************************************************************************************************
          simulation time =      5.00000  seconds           aver. properties for channels
 node dist. quality  void fraction                mass flow                    enthalpy incr.          enthalpy              heat added
  no.  (ft.)                                       (lbm/s)                        (btu/s)               (btu/s)               (btu/s)
                    liq. vapor entr.   liquid   vapor   entr.  integr.   liquid     vapor   integr.     mixture     liquid     vapor   integr.

  21   3.28  0.866 0.000 1.000 0.000     0.00    0.05    0.01    0.06      -0.00      0.00      0.00     58.43       0.00      0.00      0.00
  20   3.12  0.866 0.000 1.000 0.000     0.00    0.05    0.01    0.06      -0.00      0.00      0.00     58.43       0.00      0.00      0.00
  19   2.95  0.866 0.000 1.000 0.000     0.00    0.05    0.01    0.06      -0.00      0.00      0.00     58.43       0.00      0.00      0.00
  18   2.79  0.866 0.000 1.000 0.000     0.00    0.05    0.01    0.06      -0.00      0.00      0.00     58.42       0.00      0.00      0.00
  17   2.62  0.866 0.000 1.000 0.000     0.00    0.05    0.01    0.06      -0.00      0.00      0.00     58.42       0.00      0.00      0.00
  16   2.46  0.866 0.000 1.000 0.000     0.00    0.05    0.01    0.06      -0.00      0.00      0.00     58.42       0.00      0.00      0.00
  15   2.30  0.866 0.000 1.000 0.000     0.00    0.05    0.01    0.06      -0.00      0.00      0.00     58.42       0.00      0.00      0.00
  14   2.13  0.865 0.000 1.000 0.000     0.00    0.05    0.01    0.06      -0.00      0.00      0.00     58.42       0.00      0.00      0.00
  13   1.97  0.865 0.000 1.000 0.000     0.00    0.05    0.01    0.06      -0.00      0.00      0.00     58.42       0.00      0.00      0.00
  12   1.80  0.865 0.000 1.000 0.000     0.00    0.05    0.01    0.06      -0.00      0.00     -0.00     58.42       0.00      0.00      0.00
  11   1.64  0.865 0.000 1.000 0.000     0.00    0.05    0.01    0.06      -0.00      0.00     -0.00     58.42       0.00      0.00      0.00
  10   1.48  0.865 0.000 1.000 0.000     0.00    0.05    0.01    0.06      -0.00      0.00     -0.00     58.42       0.00      0.00      0.00
   9   1.31  0.865 0.000 1.000 0.000     0.00    0.05    0.01    0.06      -0.00      0.00     -0.00     58.42       0.00      0.00      0.00
   8   1.15  0.865 0.000 1.000 0.000     0.00    0.05    0.01    0.06      -0.00      0.00     -0.00     58.42       0.00      0.00      0.00
   7   0.98  0.865 0.000 1.000 0.000     0.00    0.05    0.01    0.06      -0.00     -0.00     -0.00     58.42       0.00      0.00      0.00
   6   0.82  0.865 0.000 1.000 0.000     0.00    0.05    0.01    0.06      -0.00     -0.00     -0.00     58.43       0.00      0.00      0.00
   5   0.66  0.865 0.000 1.000 0.000     0.00    0.05    0.01    0.06      -0.00     -0.00     -0.00     58.43       0.00      0.00      0.00
   4   0.49  0.865 0.000 1.000 0.000     0.00    0.05    0.01    0.06      -0.00     -0.00     -0.00     58.43       0.00      0.00      0.00
   3   0.33  0.865 0.000 1.000 0.000     0.00    0.05    0.01    0.06       0.18     -0.15      0.03     58.43       0.00      0.00      0.00
   2   0.16  0.865 0.000 1.000 0.000     0.00    0.05    0.01    0.06       1.35     -0.00      1.35     58.41       0.00      0.00      0.00
   1   0.00  1.016 0.000 1.000 0.000     0.00    0.05    0.00    0.05       0.00      0.00      0.00     57.06       0.00      0.00      0.00
1                             injection boundary conditions date    time  

                    case     0          IRP - SPV - Steam                                                                         

 ***********************************************************************************************************************************

          simulation time =      5.00000  seconds


                              channel   node        wginjt    wlinjt    hginjt    hlinjt
                                no.     no.        lbm/sec   lbm/sec   btu/lbm   btu/lbm


                                  1       2        0.0000       0.02   1150.4     162.1        ** injection **
              Code Section                                 Cumulative wall-
                                                             clock time (s)
--------------------------------------------------     --------------------
whole simulation time                                                 1.277
read-in and initialization time                                       0.334
Preparation for timestep (prep3d)                                     0.010
Calculation of HTCs and re-meshing (heat_1)                           0.272
Conductor or direct heat solution (temp)                              0.014
Setup and solve of momentum eqns (xschem part 1)                      0.223
Setup of continuity/energy eqns (xschem part 2)                       0.203
Solution of the Pressure matri (gssolv)                               0.066
Independent variable update step (dep_var_update)                     0.092
Interfacial area transport solve                                      0.008
Traditional CTF output                                                0.000
VTK file output                                                       0.000
Time in transient simulation (trans)                                  0.943
                             Sum of timed sections                    3.442
